                                                           The SAS System                        08:47 Friday, December 12, 2025   1

 
 
                                  S U D A A N
            Software for the Statistical Analysis of Correlated Data
          Copyright       Research Triangle Institute       March 2018
                                 Release 11.0.3
 
 
DESIGN SUMMARY: Variances will be computed using the Taylor Linearization Method, Assuming a With Replacement (WR) Design
    Sample Weight: WEIGHT_EXAMONLY_IPW_V3
    Stratification Variables(s): STRAT
    Primary Sampling Unit: HH_ID_NUM
 
 
Number of zero responses     : 15060
Number of non-zero responses : 10072
 
Independence parameters have converged in 8 iterations.
 
Number of observations read       :  25845    Weighted count:  2976368
Number of observations skipped    :  23400
(WEIGHT variable nonpositive)
Observations in subpopulation     :  25845    Weighted count:  2976368
Observations used in the analysis :  25132    Weighted count:  2605936
Denominator degrees of freedom    :   5949
 
 
Maximum number of estimable parameters for the model is 24
 
File C:\Users\ACQUIJ~1\AppData\Local\Temp\SUDTEMP1765547255\DB_BIN_IPW.SDN contains 5969 Clusters
5969 clusters were used to fit the model
Maximum cluster size is  27 records
Minimum cluster size is   2 records
 
 
Sample and Population Counts for Response Variable HYPERTENSION2
Based on observations used in the analysis
0:  Sample Count    15060    Population Count   1770554
1:  Sample Count    10072    Population Count    835382
 
R-Square for dependent variable HYPERTENSION2 (Cox & Snell, 1989): 0.313025
 
-2 * Normalized Log-Likelihood with Intercepts Only : 31530.49
-2 * Normalized Log-Likelihood Full Model           : 22094.49
Approximate Chi-Square (-2 * Log-L Ratio)           :  9435.99
Degrees of Freedom                                  :       23
 
Note: The approximate Chi-Square is not adjusted for clustering.
      Refer to hypothesis test table for adjusted test.
                                                                                                                                    
                                                                                                                                    
                                                                                                                                    
Date: 12-12-2025                                               SUDAAN                                                    Page:  1   
Time: 08:47:35                                                                                                           Table: 1   
                                                                                                                                    
Frequencies and Values for CLASS Variables                                                                                          
by: 6-level Age Sub-groups.                                                                                                         
                                                                                                                                    
----------------------------------                                                                                                  
6-level Age                                                                                                                         
  Sub-groups    Frequency    Value                                                                                                  
----------------------------------                                                                                                  
Ordered                                                                                                                             
  Position:                                                                                                                         
  1                  1740        1                                                                                                  
Ordered                                                                                                                             
  Position:                                                                                                                         
  2                  2811        2                                                                                                  
Ordered                                                                                                                             
  Position:                                                                                                                         
  3                  4944        3                                                                                                  
Ordered                                                                                                                             
  Position:                                                                                                                         
  4                  9126        4                                                                                                  
Ordered                                                                                                                             
  Position:                                                                                                                         
  5                  5754        5                                                                                                  
Ordered                                                                                                                             
  Position:                                                                                                                         
  6                  1470        6                                                                                                  
----------------------------------                                                                                                  
                                                                                                                                    
                                                                                                                                    
                                                                                                                                    
Date: 12-12-2025                                               SUDAAN                                                    Page:  2   
Time: 08:47:35                                                                                                           Table: 1   
                                                                                                                                    
Frequencies and Values for CLASS Variables                                                                                          
by: BKGRD1_C7NOMISS.                                                                                                                
                                                                                                                                    
----------------------------------                                                                                                  
BKGRD1_C7NO-                                                                                                                        
  MISS          Frequency    Value                                                                                                  
----------------------------------                                                                                                  
Ordered                                                                                                                             
  Position:                                                                                                                         
  1                  2274        0                                                                                                  
Ordered                                                                                                                             
  Position:                                                                                                                         
  2                  2847        1                                                                                                  
Ordered                                                                                                                             
  Position:                                                                                                                         
  3                  3720        2                                                                                                  
Ordered                                                                                                                             
  Position:                                                                                                                         
  4                 10677        3                                                                                                  
Ordered                                                                                                                             
  Position:                                                                                                                         
  5                  3720        4                                                                                                  
Ordered                                                                                                                             
  Position:                                                                                                                         
  6                  1899        5                                                                                                  
Ordered                                                                                                                             
  Position:                                                                                                                         
  7                   708        6                                                                                                  
----------------------------------                                                                                                  
                                                                                                                                    
                                                                                                                                    
                                                                                                                                    
Date: 12-12-2025                                               SUDAAN                                                    Page:  3   
Time: 08:47:35                                                                                                           Table: 1   
                                                                                                                                    
Frequencies and Values for CLASS Variables                                                                                          
by: Participant's Field Center - numeric.                                                                                           
                                                                                                                                    
----------------------------------                                                                                                  
Participant-                                                                                                                        
  's Field                                                                                                                          
  Center -                                                                                                                          
  numeric       Frequency    Value                                                                                                  
----------------------------------                                                                                                  
Ordered                                                                                                                             
  Position:                                                                                                                         
  1                  5514        1                                                                                                  
Ordered                                                                                                                             
  Position:                                                                                                                         
  2                  7314        2                                                                                                  
Ordered                                                                                                                             
  Position:                                                                                                                         
  3                  6606        3                                                                                                  
Ordered                                                                                                                             
  Position:                                                                                                                         
  4                  6411        4                                                                                                  
----------------------------------                                                                                                  
                                                                                                                                    
                                                                                                                                    
                                                                                                                                    
Date: 12-12-2025                                               SUDAAN                                                    Page:  4   
Time: 08:47:35                                                                                                           Table: 1   
                                                                                                                                    
Frequencies and Values for CLASS Variables                                                                                          
by: Sex.                                                                                                                            
                                                                                                                                    
----------------------------------                                                                                                  
Sex             Frequency    Value                                                                                                  
----------------------------------                                                                                                  
Ordered                                                                                                                             
  Position:                                                                                                                         
  1                 16779        0                                                                                                  
Ordered                                                                                                                             
  Position:                                                                                                                         
  2                  9066        1                                                                                                  
----------------------------------                                                                                                  
                                                                                                                                    
                                                                                                                                    
                                                                                                                                    
Date: 12-12-2025                                               SUDAAN                                                    Page:  5   
Time: 08:47:35                                                                                                           Table: 1   
                                                                                                                                    
Frequencies and Values for CLASS Variables                                                                                          
by: Born in mainland US (50 States + DC).                                                                                           
                                                                                                                                    
----------------------------------                                                                                                  
Born in                                                                                                                             
  mainland                                                                                                                          
  US (50                                                                                                                            
  States +                                                                                                                          
  DC)           Frequency    Value                                                                                                  
----------------------------------                                                                                                  
Ordered                                                                                                                             
  Position:                                                                                                                         
  1                 22005        0                                                                                                  
Ordered                                                                                                                             
  Position:                                                                                                                         
  2                  3840        1                                                                                                  
----------------------------------                                                                                                  
                                                                                                                                    
                                                                                                                                    
                                                                                                                                    
Date: 12-12-2025                                               SUDAAN                                                    Page:  6   
Time: 08:47:35                                                                                                           Table: 1   
                                                                                                                                    
Frequencies and Values for CLASS Variables                                                                                          
by: Employment Status (includes retirees).                                                                                          
                                                                                                                                    
----------------------------------                                                                                                  
Employment                                                                                                                          
  Status                                                                                                                            
  (includes                                                                                                                         
  retirees)     Frequency    Value                                                                                                  
----------------------------------                                                                                                  
Ordered                                                                                                                             
  Position:                                                                                                                         
  1                  1953        1                                                                                                  
Ordered                                                                                                                             
  Position:                                                                                                                         
  2                  9954        2                                                                                                  
Ordered                                                                                                                             
  Position:                                                                                                                         
  3                  4647        3                                                                                                  
Ordered                                                                                                                             
  Position:                                                                                                                         
  4                  9291        4                                                                                                  
----------------------------------                                                                                                  
                                                                                                                                    
                                                                                                                                    
                                                                                                                                    
Date: 12-12-2025                                               SUDAAN                                                    Page:  7   
Time: 08:47:35                                                                                                           Table: 1   
                                                                                                                                    
Frequencies and Values for CLASS Variables                                                                                          
by: Education Status (3 levels).                                                                                                    
                                                                                                                                    
----------------------------------                                                                                                  
Education                                                                                                                           
  Status (3                                                                                                                         
  levels)       Frequency    Value                                                                                                  
----------------------------------                                                                                                  
Ordered                                                                                                                             
  Position:                                                                                                                         
  1                  9333        1                                                                                                  
Ordered                                                                                                                             
  Position:                                                                                                                         
  2                  6507        2                                                                                                  
Ordered                                                                                                                             
  Position:                                                                                                                         
  3                 10005        3                                                                                                  
----------------------------------                                                                                                  
                                                                                                                                    
                                                                                                                                    
                                                                                                                                    
Date: 12-12-2025                                               SUDAAN                                                    Page:  8   
Time: 08:47:35                                                                                                           Table: 1   
                                                                                                                                    
Variance Estimation Method: Taylor Series (WR)                                                                                      
SE Method: Robust (Zeger-Liang, 1986)                                                                                               
Working Correlations: Independent                                                                                                   
Link Function: Logit                                                                                                                
Response variable HYPERTENSION2: HYPERTENSION2                                                                                      
For Subpopulation: PARTICIPANT_EXAMONLY_V3 = 1                                                                                      
by: Independent Variables and Effects.                                                                                              
                                                                                                                                    
---------------------------------------------------------------------------                                                         
Independent Variables and                                                                                                           
  Effects                     Estimate        (S.E)      t value    p-value                                                         
---------------------------------------------------------------------------                                                         
Intercept                       -1.653        0.249       -6.649      0.000                                                         
BMI                              0.071        0.006       12.690      0.000                                                         
6-level Age Sub-groups                                                                                                              
  1                             -4.459        0.326      -13.667      0.000                                                         
  2                             -3.506        0.252      -13.890      0.000                                                         
  3                             -2.371        0.213      -11.114      0.000                                                         
  4                             -1.382        0.205       -6.739      0.000                                                         
  5                             -0.609        0.200       -3.037      0.002                                                         
  6                              0.000        0.000         .          .                                                            
BKGRD1_C7NOMISS                                                                                                                     
  0                              0.629        0.207        3.042      0.002                                                         
  1                              0.095        0.164        0.579      0.563                                                         
  2                              0.346        0.186        1.854      0.064                                                         
  3                              0.000        0.000         .          .                                                            
  4                              0.691        0.198        3.489      0.000                                                         
  5                             -0.121        0.190       -0.638      0.524                                                         
  6                              0.163        0.312        0.522      0.602                                                         
Participant's Field                                                                                                                 
  Center - numeric                                                                                                                  
  1                             -0.305        0.204       -1.498      0.134                                                         
  2                             -0.182        0.118       -1.544      0.123                                                         
  3                              0.420        0.180        2.337      0.019                                                         
  4                              0.000        0.000         .          .                                                            
Sex                                                                                                                                 
  0                              0.000        0.000         .          .                                                            
  1                              0.254        0.086        2.964      0.003                                                         
Born in mainland US (50                                                                                                             
  States + DC)                                                                                                                      
  0                              0.000        0.000         .          .                                                            
  1                             -0.156        0.134       -1.169      0.242                                                         
Employment Status                                                                                                                   
  (includes retirees)                                                                                                               
  1                              0.000        0.000         .          .                                                            
  2                             -0.149        0.184       -0.809      0.418                                                         
  3                             -0.513        0.194       -2.643      0.008                                                         
  4                             -0.300        0.178       -1.685      0.092                                                         
Education Status (3                                                                                                                 
  levels)                                                                                                                           
  1                              0.000        0.000         .          .                                                            
  2                             -0.115        0.099       -1.162      0.245                                                         
---------------------------------------------------------------------------                                                         
                                                                                                                                    
                                                                                                                                    
                                                                                                                                    
Date: 12-12-2025                                               SUDAAN                                                    Page:  9   
Time: 08:47:35                                                                                                           Table: 1   
                                                                                                                                    
Variance Estimation Method: Taylor Series (WR)                                                                                      
SE Method: Robust (Zeger-Liang, 1986)                                                                                               
Working Correlations: Independent                                                                                                   
Link Function: Logit                                                                                                                
Response variable HYPERTENSION2: HYPERTENSION2                                                                                      
For Subpopulation: PARTICIPANT_EXAMONLY_V3 = 1                                                                                      
by: Independent Variables and Effects.                                                                                              
                                                                                                                                    
---------------------------------------------------------------------------                                                         
Independent Variables and                                                                                                           
  Effects                     Estimate        (S.E)      t value    p-value                                                         
---------------------------------------------------------------------------                                                         
Education Status (3                                                                                                                 
  levels)                                                                                                                           
  3                             -0.129        0.099       -1.296      0.195                                                         
TIME                             0.103        0.006       18.177      0.000                                                         
---------------------------------------------------------------------------                                                         
