                                                           The SAS System                      11:55 Wednesday, November 5, 2025   1

 
 
                                  S U D A A N
            Software for the Statistical Analysis of Correlated Data
          Copyright       Research Triangle Institute       March 2018
                                 Release 11.0.3
 
 
DESIGN SUMMARY: Variances will be computed using the Taylor Linearization Method, Assuming a With Replacement (WR) Design
    Sample Weight: WEIGHT_EXAMONLY_IPW_V3
    Stratification Variables(s): STRAT
    Primary Sampling Unit: HH_ID_NUM
 
 
Number of observations read       :  27270    Weighted count:  2940058
Number of observations skipped    :  21975
(WEIGHT variable nonpositive)
Observations in subpopulation     :  27270    Weighted count:  2940058
Observations used in the analysis :  25650    Weighted count:  2495821
Denominator degrees of freedom    :   6202
 
 
Maximum number of estimable parameters for the model is 24
 
File C:\Users\ACQUIJ~1\AppData\Local\Temp\SUDTEMP1762361748\DB_CONT_IPW.SDN contains 6222 Clusters
6153 clusters were used to fit the model
Maximum cluster size is  27 records
Minimum cluster size is   1 records
 
Weighted mean response is 121.493922
 
 
Multiple R-Square for the dependent variable SBP5: 0.312641
                                                                                                                                    
                                                                                                                                    
                                                                                                                                    
Date: 11-05-2025                                               SUDAAN                                                    Page:  1   
Time: 11:55:48                                                                                                           Table: 1   
                                                                                                                                    
Frequencies and Values for CLASS Variables                                                                                          
by: 6-level Age Sub-groups.                                                                                                         
                                                                                                                                    
----------------------------------                                                                                                  
6-level Age                                                                                                                         
  Sub-groups    Frequency    Value                                                                                                  
----------------------------------                                                                                                  
Ordered                                                                                                                             
  Position:                                                                                                                         
  1                  1833        1                                                                                                  
Ordered                                                                                                                             
  Position:                                                                                                                         
  2                  2958        2                                                                                                  
Ordered                                                                                                                             
  Position:                                                                                                                         
  3                  5139        3                                                                                                  
Ordered                                                                                                                             
  Position:                                                                                                                         
  4                  9480        4                                                                                                  
Ordered                                                                                                                             
  Position:                                                                                                                         
  5                  6159        5                                                                                                  
Ordered                                                                                                                             
  Position:                                                                                                                         
  6                  1698        6                                                                                                  
----------------------------------                                                                                                  
                                                                                                                                    
                                                                                                                                    
                                                                                                                                    
Date: 11-05-2025                                               SUDAAN                                                    Page:  2   
Time: 11:55:48                                                                                                           Table: 1   
                                                                                                                                    
Frequencies and Values for CLASS Variables                                                                                          
by: BKGRD1_C7NOMISS.                                                                                                                
                                                                                                                                    
----------------------------------                                                                                                  
BKGRD1_C7NO-                                                                                                                        
  MISS          Frequency    Value                                                                                                  
----------------------------------                                                                                                  
Ordered                                                                                                                             
  Position:                                                                                                                         
  1                  2505        0                                                                                                  
Ordered                                                                                                                             
  Position:                                                                                                                         
  2                  2952        1                                                                                                  
Ordered                                                                                                                             
  Position:                                                                                                                         
  3                  3960        2                                                                                                  
Ordered                                                                                                                             
  Position:                                                                                                                         
  4                 11070        3                                                                                                  
Ordered                                                                                                                             
  Position:                                                                                                                         
  5                  4011        4                                                                                                  
Ordered                                                                                                                             
  Position:                                                                                                                         
  6                  1968        5                                                                                                  
Ordered                                                                                                                             
  Position:                                                                                                                         
  7                   804        6                                                                                                  
----------------------------------                                                                                                  
                                                                                                                                    
                                                                                                                                    
                                                                                                                                    
Date: 11-05-2025                                               SUDAAN                                                    Page:  3   
Time: 11:55:48                                                                                                           Table: 1   
                                                                                                                                    
Frequencies and Values for CLASS Variables                                                                                          
by: Participant's Field Center - numeric.                                                                                           
                                                                                                                                    
----------------------------------                                                                                                  
Participant-                                                                                                                        
  's Field                                                                                                                          
  Center -                                                                                                                          
  numeric       Frequency    Value                                                                                                  
----------------------------------                                                                                                  
Ordered                                                                                                                             
  Position:                                                                                                                         
  1                  6096        1                                                                                                  
Ordered                                                                                                                             
  Position:                                                                                                                         
  2                  7578        2                                                                                                  
Ordered                                                                                                                             
  Position:                                                                                                                         
  3                  6942        3                                                                                                  
Ordered                                                                                                                             
  Position:                                                                                                                         
  4                  6654        4                                                                                                  
----------------------------------                                                                                                  
                                                                                                                                    
                                                                                                                                    
                                                                                                                                    
Date: 11-05-2025                                               SUDAAN                                                    Page:  4   
Time: 11:55:48                                                                                                           Table: 1   
                                                                                                                                    
Frequencies and Values for CLASS Variables                                                                                          
by: Sex.                                                                                                                            
                                                                                                                                    
----------------------------------                                                                                                  
Sex             Frequency    Value                                                                                                  
----------------------------------                                                                                                  
Ordered                                                                                                                             
  Position:                                                                                                                         
  1                 17769        0                                                                                                  
Ordered                                                                                                                             
  Position:                                                                                                                         
  2                  9498        1                                                                                                  
----------------------------------                                                                                                  
                                                                                                                                    
                                                                                                                                    
                                                                                                                                    
Date: 11-05-2025                                               SUDAAN                                                    Page:  5   
Time: 11:55:48                                                                                                           Table: 1   
                                                                                                                                    
Frequencies and Values for CLASS Variables                                                                                          
by: Born in mainland US (50 States + DC).                                                                                           
                                                                                                                                    
----------------------------------                                                                                                  
Born in                                                                                                                             
  mainland                                                                                                                          
  US (50                                                                                                                            
  States +                                                                                                                          
  DC)           Frequency    Value                                                                                                  
----------------------------------                                                                                                  
Ordered                                                                                                                             
  Position:                                                                                                                         
  1                 23184        0                                                                                                  
Ordered                                                                                                                             
  Position:                                                                                                                         
  2                  4026        1                                                                                                  
----------------------------------                                                                                                  
                                                                                                                                    
                                                                                                                                    
                                                                                                                                    
Date: 11-05-2025                                               SUDAAN                                                    Page:  6   
Time: 11:55:48                                                                                                           Table: 1   
                                                                                                                                    
Frequencies and Values for CLASS Variables                                                                                          
by: Employment Status (includes retirees).                                                                                          
                                                                                                                                    
----------------------------------                                                                                                  
Employment                                                                                                                          
  Status                                                                                                                            
  (includes                                                                                                                         
  retirees)     Frequency    Value                                                                                                  
----------------------------------                                                                                                  
Ordered                                                                                                                             
  Position:                                                                                                                         
  1                  2163        1                                                                                                  
Ordered                                                                                                                             
  Position:                                                                                                                         
  2                 10458        2                                                                                                  
Ordered                                                                                                                             
  Position:                                                                                                                         
  3                  4749        3                                                                                                  
Ordered                                                                                                                             
  Position:                                                                                                                         
  4                  9564        4                                                                                                  
----------------------------------                                                                                                  
                                                                                                                                    
                                                                                                                                    
                                                                                                                                    
Date: 11-05-2025                                               SUDAAN                                                    Page:  7   
Time: 11:55:48                                                                                                           Table: 1   
                                                                                                                                    
Frequencies and Values for CLASS Variables                                                                                          
by: Education Status (3 levels).                                                                                                    
                                                                                                                                    
----------------------------------                                                                                                  
Education                                                                                                                           
  Status (3                                                                                                                         
  levels)       Frequency    Value                                                                                                  
----------------------------------                                                                                                  
Ordered                                                                                                                             
  Position:                                                                                                                         
  1                  9957        1                                                                                                  
Ordered                                                                                                                             
  Position:                                                                                                                         
  2                  6783        2                                                                                                  
Ordered                                                                                                                             
  Position:                                                                                                                         
  3                 10431        3                                                                                                  
----------------------------------                                                                                                  
                                                                                                                                    
                                                                                                                                    
                                                                                                                                    
Date: 11-05-2025                                               SUDAAN                                                    Page:  8   
Time: 11:55:48                                                                                                           Table: 1   
                                                                                                                                    
Variance Estimation Method: Taylor Series (WR)                                                                                      
SE Method: Robust (Zeger-Liang, 1986)                                                                                               
Working Correlations: Independent                                                                                                   
Link Function: Identity                                                                                                             
Response variable SBP5: SBP5                                                                                                        
For Subpopulation: PARTICIPANT_EXAMONLY_V3 = 1                                                                                      
by: Independent Variables and Effects.                                                                                              
                                                                                                                                    
---------------------------------------------------------------------------                                                         
Independent Variables and                                                                                                           
  Effects                     Estimate        (S.E)      t value    p-value                                                         
---------------------------------------------------------------------------                                                         
Intercept                      126.273        1.576       80.147      0.000                                                         
BMI                              0.191        0.033        5.833      0.000                                                         
6-level Age Sub-groups                                                                                                              
  1                            -26.273        1.417      -18.536      0.000                                                         
  2                            -24.423        1.345      -18.153      0.000                                                         
  3                            -19.275        1.328      -14.516      0.000                                                         
  4                            -12.475        1.295       -9.633      0.000                                                         
  5                             -6.838        1.255       -5.448      0.000                                                         
  6                              0.000        0.000         .          .                                                            
BKGRD1_C7NOMISS                                                                                                                     
  0                              2.205        0.955        2.309      0.021                                                         
  1                              1.031        0.802        1.285      0.199                                                         
  2                              0.775        0.942        0.822      0.411                                                         
  3                              0.000        0.000         .          .                                                            
  4                              1.672        0.959        1.744      0.081                                                         
  5                             -1.256        0.938       -1.340      0.180                                                         
  6                              1.135        0.931        1.220      0.223                                                         
Participant's Field                                                                                                                 
  Center - numeric                                                                                                                  
  1                              1.333        0.920        1.448      0.148                                                         
  2                             -1.104        0.622       -1.776      0.076                                                         
  3                              5.950        0.894        6.658      0.000                                                         
  4                              0.000        0.000         .          .                                                            
Sex                                                                                                                                 
  0                              0.000        0.000         .          .                                                            
  1                              5.303        0.487       10.901      0.000                                                         
Born in mainland US (50                                                                                                             
  States + DC)                                                                                                                      
  0                              0.000        0.000         .          .                                                            
  1                              0.119        0.632        0.189      0.850                                                         
Employment Status                                                                                                                   
  (includes retirees)                                                                                                               
  1                              0.000        0.000         .          .                                                            
  2                              0.213        1.249        0.170      0.865                                                         
  3                             -0.973        1.272       -0.765      0.445                                                         
  4                              0.848        1.237        0.685      0.493                                                         
Education Status (3                                                                                                                 
  levels)                                                                                                                           
  1                              0.000        0.000         .          .                                                            
  2                             -1.270        0.578       -2.196      0.028                                                         
---------------------------------------------------------------------------                                                         
                                                                                                                                    
                                                                                                                                    
                                                                                                                                    
Date: 11-05-2025                                               SUDAAN                                                    Page:  9   
Time: 11:55:48                                                                                                           Table: 1   
                                                                                                                                    
Variance Estimation Method: Taylor Series (WR)                                                                                      
SE Method: Robust (Zeger-Liang, 1986)                                                                                               
Working Correlations: Independent                                                                                                   
Link Function: Identity                                                                                                             
Response variable SBP5: SBP5                                                                                                        
For Subpopulation: PARTICIPANT_EXAMONLY_V3 = 1                                                                                      
by: Independent Variables and Effects.                                                                                              
                                                                                                                                    
---------------------------------------------------------------------------                                                         
Independent Variables and                                                                                                           
  Effects                     Estimate        (S.E)      t value    p-value                                                         
---------------------------------------------------------------------------                                                         
Education Status (3                                                                                                                 
  levels)                                                                                                                           
  3                             -3.222        0.570       -5.652      0.000                                                         
TIME                             0.456        0.029       15.978      0.000                                                         
---------------------------------------------------------------------------                                                         
