                                                           The SAS System                      16:49 Wednesday, December 3, 2025   1

 
 
                                  S U D A A N
            Software for the Statistical Analysis of Correlated Data
          Copyright       Research Triangle Institute       March 2018
                                 Release 11.0.3
 
 
DESIGN SUMMARY: Variances will be computed using the Taylor Linearization Method, Assuming a With Replacement (WR) Design
    Sample Weight: WEIGHT_EXAMONLY_IPW_V3
    Stratification Variables(s): STRAT
    Primary Sampling Unit: HH_ID_NUM
 
 
Number of zero responses     : 15068
Number of non-zero responses : 10089
 
Independence parameters have converged in 8 iterations.
 
Number of observations read       :  25887    Weighted count:  2975464
Number of observations skipped    :  23358
(WEIGHT variable nonpositive)
Observations in subpopulation     :  25887    Weighted count:  2975464
Observations used in the analysis :  25157    Weighted count:  2604332
Denominator degrees of freedom    :   5955
 
 
Maximum number of estimable parameters for the model is 24
 
File C:\Users\ACQUIJ~1\AppData\Local\Temp\SUDTEMP1764798602\DB_BIN_IPW.SDN contains 5975 Clusters
5975 clusters were used to fit the model
Maximum cluster size is  27 records
Minimum cluster size is   1 records
 
 
Sample and Population Counts for Response Variable HYPERTENSION2
Based on observations used in the analysis
0:  Sample Count    15068    Population Count   1770962
1:  Sample Count    10089    Population Count    833370
 
R-Square for dependent variable HYPERTENSION2 (Cox & Snell, 1989): 0.313633
 
-2 * Normalized Log-Likelihood with Intercepts Only : 31540.07
-2 * Normalized Log-Likelihood Full Model           : 22072.42
Approximate Chi-Square (-2 * Log-L Ratio)           :  9467.66
Degrees of Freedom                                  :       23
 
Note: The approximate Chi-Square is not adjusted for clustering.
      Refer to hypothesis test table for adjusted test.
                                                                                                                                    
                                                                                                                                    
                                                                                                                                    
Date: 12-03-2025                                               SUDAAN                                                    Page:  1   
Time: 16:50:02                                                                                                           Table: 1   
                                                                                                                                    
Frequencies and Values for CLASS Variables                                                                                          
by: 6-level Age Sub-groups.                                                                                                         
                                                                                                                                    
----------------------------------                                                                                                  
6-level Age                                                                                                                         
  Sub-groups    Frequency    Value                                                                                                  
----------------------------------                                                                                                  
Ordered                                                                                                                             
  Position:                                                                                                                         
  1                  1740        1                                                                                                  
Ordered                                                                                                                             
  Position:                                                                                                                         
  2                  2817        2                                                                                                  
Ordered                                                                                                                             
  Position:                                                                                                                         
  3                  4953        3                                                                                                  
Ordered                                                                                                                             
  Position:                                                                                                                         
  4                  9135        4                                                                                                  
Ordered                                                                                                                             
  Position:                                                                                                                         
  5                  5769        5                                                                                                  
Ordered                                                                                                                             
  Position:                                                                                                                         
  6                  1473        6                                                                                                  
----------------------------------                                                                                                  
                                                                                                                                    
                                                                                                                                    
                                                                                                                                    
Date: 12-03-2025                                               SUDAAN                                                    Page:  2   
Time: 16:50:02                                                                                                           Table: 1   
                                                                                                                                    
Frequencies and Values for CLASS Variables                                                                                          
by: BKGRD1_C7NOMISS.                                                                                                                
                                                                                                                                    
----------------------------------                                                                                                  
BKGRD1_C7NO-                                                                                                                        
  MISS          Frequency    Value                                                                                                  
----------------------------------                                                                                                  
Ordered                                                                                                                             
  Position:                                                                                                                         
  1                  2283        0                                                                                                  
Ordered                                                                                                                             
  Position:                                                                                                                         
  2                  2850        1                                                                                                  
Ordered                                                                                                                             
  Position:                                                                                                                         
  3                  3723        2                                                                                                  
Ordered                                                                                                                             
  Position:                                                                                                                         
  4                 10686        3                                                                                                  
Ordered                                                                                                                             
  Position:                                                                                                                         
  5                  3735        4                                                                                                  
Ordered                                                                                                                             
  Position:                                                                                                                         
  6                  1902        5                                                                                                  
Ordered                                                                                                                             
  Position:                                                                                                                         
  7                   708        6                                                                                                  
----------------------------------                                                                                                  
                                                                                                                                    
                                                                                                                                    
                                                                                                                                    
Date: 12-03-2025                                               SUDAAN                                                    Page:  3   
Time: 16:50:02                                                                                                           Table: 1   
                                                                                                                                    
Frequencies and Values for CLASS Variables                                                                                          
by: Participant's Field Center - numeric.                                                                                           
                                                                                                                                    
----------------------------------                                                                                                  
Participant-                                                                                                                        
  's Field                                                                                                                          
  Center -                                                                                                                          
  numeric       Frequency    Value                                                                                                  
----------------------------------                                                                                                  
Ordered                                                                                                                             
  Position:                                                                                                                         
  1                  5538        1                                                                                                  
Ordered                                                                                                                             
  Position:                                                                                                                         
  2                  7320        2                                                                                                  
Ordered                                                                                                                             
  Position:                                                                                                                         
  3                  6615        3                                                                                                  
Ordered                                                                                                                             
  Position:                                                                                                                         
  4                  6414        4                                                                                                  
----------------------------------                                                                                                  
                                                                                                                                    
                                                                                                                                    
                                                                                                                                    
Date: 12-03-2025                                               SUDAAN                                                    Page:  4   
Time: 16:50:02                                                                                                           Table: 1   
                                                                                                                                    
Frequencies and Values for CLASS Variables                                                                                          
by: Sex.                                                                                                                            
                                                                                                                                    
----------------------------------                                                                                                  
Sex             Frequency    Value                                                                                                  
----------------------------------                                                                                                  
Ordered                                                                                                                             
  Position:                                                                                                                         
  1                 16806        0                                                                                                  
Ordered                                                                                                                             
  Position:                                                                                                                         
  2                  9081        1                                                                                                  
----------------------------------                                                                                                  
                                                                                                                                    
                                                                                                                                    
                                                                                                                                    
Date: 12-03-2025                                               SUDAAN                                                    Page:  5   
Time: 16:50:02                                                                                                           Table: 1   
                                                                                                                                    
Frequencies and Values for CLASS Variables                                                                                          
by: Born in mainland US (50 States + DC).                                                                                           
                                                                                                                                    
----------------------------------                                                                                                  
Born in                                                                                                                             
  mainland                                                                                                                          
  US (50                                                                                                                            
  States +                                                                                                                          
  DC)           Frequency    Value                                                                                                  
----------------------------------                                                                                                  
Ordered                                                                                                                             
  Position:                                                                                                                         
  1                 22038        0                                                                                                  
Ordered                                                                                                                             
  Position:                                                                                                                         
  2                  3849        1                                                                                                  
----------------------------------                                                                                                  
                                                                                                                                    
                                                                                                                                    
                                                                                                                                    
Date: 12-03-2025                                               SUDAAN                                                    Page:  6   
Time: 16:50:02                                                                                                           Table: 1   
                                                                                                                                    
Frequencies and Values for CLASS Variables                                                                                          
by: Employment Status (includes retirees).                                                                                          
                                                                                                                                    
----------------------------------                                                                                                  
Employment                                                                                                                          
  Status                                                                                                                            
  (includes                                                                                                                         
  retirees)     Frequency    Value                                                                                                  
----------------------------------                                                                                                  
Ordered                                                                                                                             
  Position:                                                                                                                         
  1                  1962        1                                                                                                  
Ordered                                                                                                                             
  Position:                                                                                                                         
  2                  9975        2                                                                                                  
Ordered                                                                                                                             
  Position:                                                                                                                         
  3                  4650        3                                                                                                  
Ordered                                                                                                                             
  Position:                                                                                                                         
  4                  9300        4                                                                                                  
----------------------------------                                                                                                  
                                                                                                                                    
                                                                                                                                    
                                                                                                                                    
Date: 12-03-2025                                               SUDAAN                                                    Page:  7   
Time: 16:50:02                                                                                                           Table: 1   
                                                                                                                                    
Frequencies and Values for CLASS Variables                                                                                          
by: Education Status (3 levels).                                                                                                    
                                                                                                                                    
----------------------------------                                                                                                  
Education                                                                                                                           
  Status (3                                                                                                                         
  levels)       Frequency    Value                                                                                                  
----------------------------------                                                                                                  
Ordered                                                                                                                             
  Position:                                                                                                                         
  1                  9354        1                                                                                                  
Ordered                                                                                                                             
  Position:                                                                                                                         
  2                  6516        2                                                                                                  
Ordered                                                                                                                             
  Position:                                                                                                                         
  3                 10017        3                                                                                                  
----------------------------------                                                                                                  
                                                                                                                                    
                                                                                                                                    
                                                                                                                                    
Date: 12-03-2025                                               SUDAAN                                                    Page:  8   
Time: 16:50:02                                                                                                           Table: 1   
                                                                                                                                    
Variance Estimation Method: Taylor Series (WR)                                                                                      
SE Method: Robust (Zeger-Liang, 1986)                                                                                               
Working Correlations: Independent                                                                                                   
Link Function: Logit                                                                                                                
Response variable HYPERTENSION2: HYPERTENSION2                                                                                      
For Subpopulation: PARTICIPANT_EXAMONLY_V3 = 1                                                                                      
by: Independent Variables and Effects.                                                                                              
                                                                                                                                    
---------------------------------------------------------------------------                                                         
Independent Variables and                                                                                                           
  Effects                     Estimate        (S.E)      t value    p-value                                                         
---------------------------------------------------------------------------                                                         
Intercept                       -1.662        0.248       -6.711      0.000                                                         
BMI                              0.071        0.006       12.806      0.000                                                         
6-level Age Sub-groups                                                                                                              
  1                             -4.467        0.327      -13.680      0.000                                                         
  2                             -3.512        0.252      -13.922      0.000                                                         
  3                             -2.376        0.214      -11.117      0.000                                                         
  4                             -1.385        0.206       -6.738      0.000                                                         
  5                             -0.608        0.201       -3.027      0.002                                                         
  6                              0.000        0.000         .          .                                                            
BKGRD1_C7NOMISS                                                                                                                     
  0                              0.632        0.206        3.065      0.002                                                         
  1                              0.095        0.164        0.581      0.561                                                         
  2                              0.349        0.186        1.875      0.061                                                         
  3                              0.000        0.000         .          .                                                            
  4                              0.691        0.197        3.508      0.000                                                         
  5                             -0.125        0.190       -0.655      0.512                                                         
  6                              0.165        0.310        0.533      0.594                                                         
Participant's Field                                                                                                                 
  Center - numeric                                                                                                                  
  1                             -0.303        0.203       -1.491      0.136                                                         
  2                             -0.181        0.117       -1.543      0.123                                                         
  3                              0.416        0.179        2.320      0.020                                                         
  4                              0.000        0.000         .          .                                                            
Sex                                                                                                                                 
  0                              0.000        0.000         .          .                                                            
  1                              0.252        0.085        2.950      0.003                                                         
Born in mainland US (50                                                                                                             
  States + DC)                                                                                                                      
  0                              0.000        0.000         .          .                                                            
  1                             -0.156        0.133       -1.172      0.241                                                         
Employment Status                                                                                                                   
  (includes retirees)                                                                                                               
  1                              0.000        0.000         .          .                                                            
  2                             -0.154        0.184       -0.834      0.404                                                         
  3                             -0.513        0.194       -2.644      0.008                                                         
  4                             -0.302        0.178       -1.694      0.090                                                         
Education Status (3                                                                                                                 
  levels)                                                                                                                           
  1                              0.000        0.000         .          .                                                            
  2                             -0.115        0.099       -1.163      0.245                                                         
---------------------------------------------------------------------------                                                         
                                                                                                                                    
                                                                                                                                    
                                                                                                                                    
Date: 12-03-2025                                               SUDAAN                                                    Page:  9   
Time: 16:50:02                                                                                                           Table: 1   
                                                                                                                                    
Variance Estimation Method: Taylor Series (WR)                                                                                      
SE Method: Robust (Zeger-Liang, 1986)                                                                                               
Working Correlations: Independent                                                                                                   
Link Function: Logit                                                                                                                
Response variable HYPERTENSION2: HYPERTENSION2                                                                                      
For Subpopulation: PARTICIPANT_EXAMONLY_V3 = 1                                                                                      
by: Independent Variables and Effects.                                                                                              
                                                                                                                                    
---------------------------------------------------------------------------                                                         
Independent Variables and                                                                                                           
  Effects                     Estimate        (S.E)      t value    p-value                                                         
---------------------------------------------------------------------------                                                         
Education Status (3                                                                                                                 
  levels)                                                                                                                           
  3                             -0.130        0.099       -1.311      0.190                                                         
TIME                             0.104        0.006       18.301      0.000                                                         
---------------------------------------------------------------------------                                                         
