                                                           The SAS System                        08:48 Friday, December 12, 2025   1

 
 
                                  S U D A A N
            Software for the Statistical Analysis of Correlated Data
          Copyright       Research Triangle Institute       March 2018
                                 Release 11.0.3
 
 
DESIGN SUMMARY: Variances will be computed using the Taylor Linearization Method, Assuming a With Replacement (WR) Design
    Sample Weight: WEIGHT_IPW_BY_VISIT
    Stratification Variables(s): STRAT
    Primary Sampling Unit: HH_ID_NUM
 
 
Number of zero responses     : 21958
Number of non-zero responses : 13743
 
Independence parameters have converged in 7 iterations.
 
Number of observations read       :  36086    Weighted count:  1957283
Observations used in the analysis :  35701    Weighted count:  1956871
Denominator degrees of freedom    :   9852
 
 
Maximum number of estimable parameters for the model is 24
 
File C:\Users\ACQUIJ~1\AppData\Local\Temp\SUDTEMP1765547333\DB_IPW_BYVISIT.SDN contains 9872 Clusters
9721 clusters were used to fit the model
Maximum cluster size is  30 records
Minimum cluster size is   1 records
 
 
Sample and Population Counts for Response Variable HYPERTENSION2
Based on observations used in the analysis
0:  Sample Count    21958    Population Count   1251060
1:  Sample Count    13743    Population Count    705810
 
R-Square for dependent variable HYPERTENSION2 (Cox & Snell, 1989): 0.309330
 
-2 * Normalized Log-Likelihood with Intercepts Only : 46683.36
-2 * Normalized Log-Likelihood Full Model           : 33470.65
Approximate Chi-Square (-2 * Log-L Ratio)           : 13212.71
Degrees of Freedom                                  :       23
 
Note: The approximate Chi-Square is not adjusted for clustering.
      Refer to hypothesis test table for adjusted test.
                                                                                                                                    
                                                                                                                                    
                                                                                                                                    
Date: 12-12-2025                                               SUDAAN                                                    Page:  1   
Time: 08:48:36                                                                                                           Table: 1   
                                                                                                                                    
Frequencies and Values for CLASS Variables                                                                                          
by: 6-level Age Sub-groups.                                                                                                         
                                                                                                                                    
----------------------------------                                                                                                  
6-level Age                                                                                                                         
  Sub-groups    Frequency    Value                                                                                                  
----------------------------------                                                                                                  
Ordered                                                                                                                             
  Position:                                                                                                                         
  1                  3086        1                                                                                                  
Ordered                                                                                                                             
  Position:                                                                                                                         
  2                  4145        2                                                                                                  
Ordered                                                                                                                             
  Position:                                                                                                                         
  3                  6523        3                                                                                                  
Ordered                                                                                                                             
  Position:                                                                                                                         
  4                 11652        4                                                                                                  
Ordered                                                                                                                             
  Position:                                                                                                                         
  5                  7960        5                                                                                                  
Ordered                                                                                                                             
  Position:                                                                                                                         
  6                  2719        6                                                                                                  
----------------------------------                                                                                                  
                                                                                                                                    
                                                                                                                                    
                                                                                                                                    
Date: 12-12-2025                                               SUDAAN                                                    Page:  2   
Time: 08:48:36                                                                                                           Table: 1   
                                                                                                                                    
Frequencies and Values for CLASS Variables                                                                                          
by: BKGRD1_C7NOMISS.                                                                                                                
                                                                                                                                    
----------------------------------                                                                                                  
BKGRD1_C7NO-                                                                                                                        
  MISS          Frequency    Value                                                                                                  
----------------------------------                                                                                                  
Ordered                                                                                                                             
  Position:                                                                                                                         
  1                  3167        0                                                                                                  
Ordered                                                                                                                             
  Position:                                                                                                                         
  2                  3857        1                                                                                                  
Ordered                                                                                                                             
  Position:                                                                                                                         
  3                  5178        2                                                                                                  
Ordered                                                                                                                             
  Position:                                                                                                                         
  4                 14655        3                                                                                                  
Ordered                                                                                                                             
  Position:                                                                                                                         
  5                  5643        4                                                                                                  
Ordered                                                                                                                             
  Position:                                                                                                                         
  6                  2461        5                                                                                                  
Ordered                                                                                                                             
  Position:                                                                                                                         
  7                  1125        6                                                                                                  
----------------------------------                                                                                                  
                                                                                                                                    
                                                                                                                                    
                                                                                                                                    
Date: 12-12-2025                                               SUDAAN                                                    Page:  3   
Time: 08:48:36                                                                                                           Table: 1   
                                                                                                                                    
Frequencies and Values for CLASS Variables                                                                                          
by: Participant's Field Center - numeric.                                                                                           
                                                                                                                                    
----------------------------------                                                                                                  
Participant-                                                                                                                        
  's Field                                                                                                                          
  Center -                                                                                                                          
  numeric       Frequency    Value                                                                                                  
----------------------------------                                                                                                  
Ordered                                                                                                                             
  Position:                                                                                                                         
  1                  8374        1                                                                                                  
Ordered                                                                                                                             
  Position:                                                                                                                         
  2                  9497        2                                                                                                  
Ordered                                                                                                                             
  Position:                                                                                                                         
  3                  9050        3                                                                                                  
Ordered                                                                                                                             
  Position:                                                                                                                         
  4                  9165        4                                                                                                  
----------------------------------                                                                                                  
                                                                                                                                    
                                                                                                                                    
                                                                                                                                    
Date: 12-12-2025                                               SUDAAN                                                    Page:  4   
Time: 08:48:36                                                                                                           Table: 1   
                                                                                                                                    
Frequencies and Values for CLASS Variables                                                                                          
by: Sex.                                                                                                                            
                                                                                                                                    
----------------------------------                                                                                                  
Sex             Frequency    Value                                                                                                  
----------------------------------                                                                                                  
Ordered                                                                                                                             
  Position:                                                                                                                         
  1                 22419        0                                                                                                  
Ordered                                                                                                                             
  Position:                                                                                                                         
  2                 13666        1                                                                                                  
----------------------------------                                                                                                  
                                                                                                                                    
                                                                                                                                    
                                                                                                                                    
Date: 12-12-2025                                               SUDAAN                                                    Page:  5   
Time: 08:48:36                                                                                                           Table: 1   
                                                                                                                                    
Frequencies and Values for CLASS Variables                                                                                          
by: Born in mainland US (50 States + DC).                                                                                           
                                                                                                                                    
----------------------------------                                                                                                  
Born in                                                                                                                             
  mainland                                                                                                                          
  US (50                                                                                                                            
  States +                                                                                                                          
  DC)           Frequency    Value                                                                                                  
----------------------------------                                                                                                  
Ordered                                                                                                                             
  Position:                                                                                                                         
  1                 30163        0                                                                                                  
Ordered                                                                                                                             
  Position:                                                                                                                         
  2                  5849        1                                                                                                  
----------------------------------                                                                                                  
                                                                                                                                    
                                                                                                                                    
                                                                                                                                    
Date: 12-12-2025                                               SUDAAN                                                    Page:  6   
Time: 08:48:36                                                                                                           Table: 1   
                                                                                                                                    
Frequencies and Values for CLASS Variables                                                                                          
by: Employment Status (includes retirees).                                                                                          
                                                                                                                                    
----------------------------------                                                                                                  
Employment                                                                                                                          
  Status                                                                                                                            
  (includes                                                                                                                         
  retirees)     Frequency    Value                                                                                                  
----------------------------------                                                                                                  
Ordered                                                                                                                             
  Position:                                                                                                                         
  1                  3247        1                                                                                                  
Ordered                                                                                                                             
  Position:                                                                                                                         
  2                 14025        2                                                                                                  
Ordered                                                                                                                             
  Position:                                                                                                                         
  3                  6220        3                                                                                                  
Ordered                                                                                                                             
  Position:                                                                                                                         
  4                 12287        4                                                                                                  
----------------------------------                                                                                                  
                                                                                                                                    
                                                                                                                                    
                                                                                                                                    
Date: 12-12-2025                                               SUDAAN                                                    Page:  7   
Time: 08:48:36                                                                                                           Table: 1   
                                                                                                                                    
Frequencies and Values for CLASS Variables                                                                                          
by: Education Status (3 levels).                                                                                                    
                                                                                                                                    
----------------------------------                                                                                                  
Education                                                                                                                           
  Status (3                                                                                                                         
  levels)       Frequency    Value                                                                                                  
----------------------------------                                                                                                  
Ordered                                                                                                                             
  Position:                                                                                                                         
  1                 13456        1                                                                                                  
Ordered                                                                                                                             
  Position:                                                                                                                         
  2                  9124        2                                                                                                  
Ordered                                                                                                                             
  Position:                                                                                                                         
  3                 13414        3                                                                                                  
----------------------------------                                                                                                  
                                                                                                                                    
                                                                                                                                    
                                                                                                                                    
Date: 12-12-2025                                               SUDAAN                                                    Page:  8   
Time: 08:48:36                                                                                                           Table: 1   
                                                                                                                                    
Variance Estimation Method: Taylor Series (WR)                                                                                      
SE Method: Robust (Zeger-Liang, 1986)                                                                                               
Working Correlations: Independent                                                                                                   
Link Function: Logit                                                                                                                
Response variable HYPERTENSION2: HYPERTENSION2                                                                                      
by: Independent Variables and Effects.                                                                                              
                                                                                                                                    
---------------------------------------------------------------------------                                                         
Independent Variables and                                                                                                           
  Effects                     Estimate        (S.E)      t value    p-value                                                         
---------------------------------------------------------------------------                                                         
Intercept                       -1.674        0.256       -6.534      0.000                                                         
BMI                              0.063        0.006       11.351      0.000                                                         
6-level Age Sub-groups                                                                                                              
  1                             -4.476        0.315      -14.231      0.000                                                         
  2                             -3.595        0.237      -15.172      0.000                                                         
  3                             -2.358        0.204      -11.582      0.000                                                         
  4                             -1.367        0.196       -6.967      0.000                                                         
  5                             -0.654        0.195       -3.359      0.001                                                         
  6                              0.000        0.000         .          .                                                            
BKGRD1_C7NOMISS                                                                                                                     
  0                              0.711        0.214        3.320      0.001                                                         
  1                              0.019        0.151        0.125      0.900                                                         
  2                              0.320        0.176        1.818      0.069                                                         
  3                              0.000        0.000         .          .                                                            
  4                              0.650        0.202        3.215      0.001                                                         
  5                             -0.230        0.165       -1.392      0.164                                                         
  6                              0.312        0.291        1.072      0.284                                                         
Participant's Field                                                                                                                 
  Center - numeric                                                                                                                  
  1                             -0.254        0.207       -1.227      0.220                                                         
  2                             -0.056        0.115       -0.487      0.626                                                         
  3                              0.495        0.168        2.955      0.003                                                         
  4                              0.000        0.000         .          .                                                            
Sex                                                                                                                                 
  0                              0.000        0.000         .          .                                                            
  1                              0.275        0.082        3.341      0.001                                                         
Born in mainland US (50                                                                                                             
  States + DC)                                                                                                                      
  0                              0.000        0.000         .          .                                                            
  1                             -0.107        0.133       -0.806      0.421                                                         
Employment Status                                                                                                                   
  (includes retirees)                                                                                                               
  1                              0.000        0.000         .          .                                                            
  2                              0.032        0.170        0.190      0.849                                                         
  3                             -0.281        0.181       -1.554      0.120                                                         
  4                             -0.139        0.167       -0.833      0.405                                                         
Education Status (3                                                                                                                 
  levels)                                                                                                                           
  1                              0.000        0.000         .          .                                                            
  2                             -0.086        0.102       -0.850      0.395                                                         
  3                             -0.189        0.100       -1.885      0.059                                                         
TIME                             0.109        0.010       11.236      0.000                                                         
---------------------------------------------------------------------------                                                         
