                                                           The SAS System                        08:48 Friday, December 12, 2025   1

 
 
                                  S U D A A N
            Software for the Statistical Analysis of Correlated Data
          Copyright       Research Triangle Institute       March 2018
                                 Release 11.0.3
 
 
DESIGN SUMMARY: Variances will be computed using the Taylor Linearization Method, Assuming a With Replacement (WR) Design
    Sample Weight: WEIGHT_IPW_BY_VISIT
    Stratification Variables(s): STRAT
    Primary Sampling Unit: HH_ID_NUM
 
 
Number of observations read       :  36028    Weighted count:  1957112
Observations used in the analysis :  35632    Weighted count:  1956692
Denominator degrees of freedom    :   9852
 
 
Maximum number of estimable parameters for the model is 24
 
File C:\Users\ACQUIJ~1\AppData\Local\Temp\SUDTEMP1765547346\DB_IPW_BYVISIT.SDN contains 9872 Clusters
9720 clusters were used to fit the model
Maximum cluster size is  30 records
Minimum cluster size is   1 records
 
Weighted mean response is 122.647759
 
 
Multiple R-Square for the dependent variable SBP5: 0.299878
                                                                                                                                    
                                                                                                                                    
                                                                                                                                    
Date: 12-12-2025                                               SUDAAN                                                    Page:  1   
Time: 08:48:55                                                                                                           Table: 1   
                                                                                                                                    
Frequencies and Values for CLASS Variables                                                                                          
by: 6-level Age Sub-groups.                                                                                                         
                                                                                                                                    
----------------------------------                                                                                                  
6-level Age                                                                                                                         
  Sub-groups    Frequency    Value                                                                                                  
----------------------------------                                                                                                  
Ordered                                                                                                                             
  Position:                                                                                                                         
  1                  3084        1                                                                                                  
Ordered                                                                                                                             
  Position:                                                                                                                         
  2                  4141        2                                                                                                  
Ordered                                                                                                                             
  Position:                                                                                                                         
  3                  6515        3                                                                                                  
Ordered                                                                                                                             
  Position:                                                                                                                         
  4                 11639        4                                                                                                  
Ordered                                                                                                                             
  Position:                                                                                                                         
  5                  7934        5                                                                                                  
Ordered                                                                                                                             
  Position:                                                                                                                         
  6                  2714        6                                                                                                  
----------------------------------                                                                                                  
                                                                                                                                    
                                                                                                                                    
                                                                                                                                    
Date: 12-12-2025                                               SUDAAN                                                    Page:  2   
Time: 08:48:55                                                                                                           Table: 1   
                                                                                                                                    
Frequencies and Values for CLASS Variables                                                                                          
by: BKGRD1_C7NOMISS.                                                                                                                
                                                                                                                                    
----------------------------------                                                                                                  
BKGRD1_C7NO-                                                                                                                        
  MISS          Frequency    Value                                                                                                  
----------------------------------                                                                                                  
Ordered                                                                                                                             
  Position:                                                                                                                         
  1                  3158        0                                                                                                  
Ordered                                                                                                                             
  Position:                                                                                                                         
  2                  3851        1                                                                                                  
Ordered                                                                                                                             
  Position:                                                                                                                         
  3                  5171        2                                                                                                  
Ordered                                                                                                                             
  Position:                                                                                                                         
  4                 14639        3                                                                                                  
Ordered                                                                                                                             
  Position:                                                                                                                         
  5                  5627        4                                                                                                  
Ordered                                                                                                                             
  Position:                                                                                                                         
  6                  2459        5                                                                                                  
Ordered                                                                                                                             
  Position:                                                                                                                         
  7                  1123        6                                                                                                  
----------------------------------                                                                                                  
                                                                                                                                    
                                                                                                                                    
                                                                                                                                    
Date: 12-12-2025                                               SUDAAN                                                    Page:  3   
Time: 08:48:55                                                                                                           Table: 1   
                                                                                                                                    
Frequencies and Values for CLASS Variables                                                                                          
by: Participant's Field Center - numeric.                                                                                           
                                                                                                                                    
----------------------------------                                                                                                  
Participant-                                                                                                                        
  's Field                                                                                                                          
  Center -                                                                                                                          
  numeric       Frequency    Value                                                                                                  
----------------------------------                                                                                                  
Ordered                                                                                                                             
  Position:                                                                                                                         
  1                  8349        1                                                                                                  
Ordered                                                                                                                             
  Position:                                                                                                                         
  2                  9490        2                                                                                                  
Ordered                                                                                                                             
  Position:                                                                                                                         
  3                  9037        3                                                                                                  
Ordered                                                                                                                             
  Position:                                                                                                                         
  4                  9152        4                                                                                                  
----------------------------------                                                                                                  
                                                                                                                                    
                                                                                                                                    
                                                                                                                                    
Date: 12-12-2025                                               SUDAAN                                                    Page:  4   
Time: 08:48:55                                                                                                           Table: 1   
                                                                                                                                    
Frequencies and Values for CLASS Variables                                                                                          
by: Sex.                                                                                                                            
                                                                                                                                    
----------------------------------                                                                                                  
Sex             Frequency    Value                                                                                                  
----------------------------------                                                                                                  
Ordered                                                                                                                             
  Position:                                                                                                                         
  1                 22371        0                                                                                                  
Ordered                                                                                                                             
  Position:                                                                                                                         
  2                 13656        1                                                                                                  
----------------------------------                                                                                                  
                                                                                                                                    
                                                                                                                                    
                                                                                                                                    
Date: 12-12-2025                                               SUDAAN                                                    Page:  5   
Time: 08:48:55                                                                                                           Table: 1   
                                                                                                                                    
Frequencies and Values for CLASS Variables                                                                                          
by: Born in mainland US (50 States + DC).                                                                                           
                                                                                                                                    
----------------------------------                                                                                                  
Born in                                                                                                                             
  mainland                                                                                                                          
  US (50                                                                                                                            
  States +                                                                                                                          
  DC)           Frequency    Value                                                                                                  
----------------------------------                                                                                                  
Ordered                                                                                                                             
  Position:                                                                                                                         
  1                 30114        0                                                                                                  
Ordered                                                                                                                             
  Position:                                                                                                                         
  2                  5840        1                                                                                                  
----------------------------------                                                                                                  
                                                                                                                                    
                                                                                                                                    
                                                                                                                                    
Date: 12-12-2025                                               SUDAAN                                                    Page:  6   
Time: 08:48:55                                                                                                           Table: 1   
                                                                                                                                    
Frequencies and Values for CLASS Variables                                                                                          
by: Employment Status (includes retirees).                                                                                          
                                                                                                                                    
----------------------------------                                                                                                  
Employment                                                                                                                          
  Status                                                                                                                            
  (includes                                                                                                                         
  retirees)     Frequency    Value                                                                                                  
----------------------------------                                                                                                  
Ordered                                                                                                                             
  Position:                                                                                                                         
  1                  3238        1                                                                                                  
Ordered                                                                                                                             
  Position:                                                                                                                         
  2                 14001        2                                                                                                  
Ordered                                                                                                                             
  Position:                                                                                                                         
  3                  6209        3                                                                                                  
Ordered                                                                                                                             
  Position:                                                                                                                         
  4                 12273        4                                                                                                  
----------------------------------                                                                                                  
                                                                                                                                    
                                                                                                                                    
                                                                                                                                    
Date: 12-12-2025                                               SUDAAN                                                    Page:  7   
Time: 08:48:55                                                                                                           Table: 1   
                                                                                                                                    
Frequencies and Values for CLASS Variables                                                                                          
by: Education Status (3 levels).                                                                                                    
                                                                                                                                    
----------------------------------                                                                                                  
Education                                                                                                                           
  Status (3                                                                                                                         
  levels)       Frequency    Value                                                                                                  
----------------------------------                                                                                                  
Ordered                                                                                                                             
  Position:                                                                                                                         
  1                 13431        1                                                                                                  
Ordered                                                                                                                             
  Position:                                                                                                                         
  2                  9113        2                                                                                                  
Ordered                                                                                                                             
  Position:                                                                                                                         
  3                 13392        3                                                                                                  
----------------------------------                                                                                                  
                                                                                                                                    
                                                                                                                                    
                                                                                                                                    
Date: 12-12-2025                                               SUDAAN                                                    Page:  8   
Time: 08:48:55                                                                                                           Table: 1   
                                                                                                                                    
Variance Estimation Method: Taylor Series (WR)                                                                                      
SE Method: Robust (Zeger-Liang, 1986)                                                                                               
Working Correlations: Independent                                                                                                   
Link Function: Identity                                                                                                             
Response variable SBP5: SBP5                                                                                                        
by: Independent Variables and Effects.                                                                                              
                                                                                                                                    
---------------------------------------------------------------------------                                                         
Independent Variables and                                                                                                           
  Effects                     Estimate        (S.E)      t value    p-value                                                         
---------------------------------------------------------------------------                                                         
Intercept                      124.782        1.701       73.338      0.000                                                         
BMI                              0.167        0.033        5.009      0.000                                                         
6-level Age Sub-groups                                                                                                              
  1                            -28.183        1.398      -20.160      0.000                                                         
  2                            -24.834        1.359      -18.279      0.000                                                         
  3                            -18.824        1.331      -14.148      0.000                                                         
  4                            -12.121        1.295       -9.361      0.000                                                         
  5                             -6.563        1.265       -5.189      0.000                                                         
  6                              0.000        0.000         .          .                                                            
BKGRD1_C7NOMISS                                                                                                                     
  0                              2.020        1.014        1.992      0.046                                                         
  1                              1.195        0.816        1.465      0.143                                                         
  2                              0.982        0.997        0.986      0.324                                                         
  3                              0.000        0.000         .          .                                                            
  4                              0.810        1.038        0.780      0.435                                                         
  5                             -2.169        0.871       -2.491      0.013                                                         
  6                              1.501        0.999        1.504      0.133                                                         
Participant's Field                                                                                                                 
  Center - numeric                                                                                                                  
  1                              1.557        0.963        1.616      0.106                                                         
  2                             -0.775        0.663       -1.168      0.243                                                         
  3                              6.391        0.925        6.909      0.000                                                         
  4                              0.000        0.000         .          .                                                            
Sex                                                                                                                                 
  0                              0.000        0.000         .          .                                                            
  1                              4.648        0.497        9.354      0.000                                                         
Born in mainland US (50                                                                                                             
  States + DC)                                                                                                                      
  0                              0.000        0.000         .          .                                                            
  1                              0.378        0.661        0.572      0.568                                                         
Employment Status                                                                                                                   
  (includes retirees)                                                                                                               
  1                              0.000        0.000         .          .                                                            
  2                              0.632        1.275        0.496      0.620                                                         
  3                              0.054        1.321        0.041      0.967                                                         
  4                              1.069        1.273        0.840      0.401                                                         
Education Status (3                                                                                                                 
  levels)                                                                                                                           
  1                              0.000        0.000         .          .                                                            
  2                             -1.148        0.610       -1.884      0.060                                                         
  3                             -3.458        0.600       -5.764      0.000                                                         
TIME                             0.648        0.055       11.871      0.000                                                         
---------------------------------------------------------------------------                                                         
