                                                           The SAS System                      11:56 Wednesday, November 5, 2025   1

 
 
                                  S U D A A N
            Software for the Statistical Analysis of Correlated Data
          Copyright       Research Triangle Institute       March 2018
                                 Release 11.0.3
 
 
DESIGN SUMMARY: Variances will be computed using the Taylor Linearization Method, Assuming a With Replacement (WR) Design
    Sample Weight: WEIGHT_IPW_BY_VISIT
    Stratification Variables(s): STRAT
    Primary Sampling Unit: HH_ID_NUM
 
 
Number of observations read       :  37128    Weighted count:  1942632
Observations used in the analysis :  35669    Weighted count:  1837233
Denominator degrees of freedom    :   9852
 
 
Maximum number of estimable parameters for the model is 24
 
File C:\Users\ACQUIJ~1\AppData\Local\Temp\SUDTEMP1762361764\DB_IPW_BYVISIT.SDN contains 9872 Clusters
9727 clusters were used to fit the model
Maximum cluster size is  30 records
Minimum cluster size is   1 records
 
Weighted mean response is 122.624673
 
 
Multiple R-Square for the dependent variable SBP5: 0.296912
                                                                                                                                    
                                                                                                                                    
                                                                                                                                    
Date: 11-05-2025                                               SUDAAN                                                    Page:  1   
Time: 11:56:04                                                                                                           Table: 1   
                                                                                                                                    
Frequencies and Values for CLASS Variables                                                                                          
by: 6-level Age Sub-groups.                                                                                                         
                                                                                                                                    
----------------------------------                                                                                                  
6-level Age                                                                                                                         
  Sub-groups    Frequency    Value                                                                                                  
----------------------------------                                                                                                  
Ordered                                                                                                                             
  Position:                                                                                                                         
  1                  3177        1                                                                                                  
Ordered                                                                                                                             
  Position:                                                                                                                         
  2                  4292        2                                                                                                  
Ordered                                                                                                                             
  Position:                                                                                                                         
  3                  6680        3                                                                                                  
Ordered                                                                                                                             
  Position:                                                                                                                         
  4                 11903        4                                                                                                  
Ordered                                                                                                                             
  Position:                                                                                                                         
  5                  8211        5                                                                                                  
Ordered                                                                                                                             
  Position:                                                                                                                         
  6                  2862        6                                                                                                  
----------------------------------                                                                                                  
                                                                                                                                    
                                                                                                                                    
                                                                                                                                    
Date: 11-05-2025                                               SUDAAN                                                    Page:  2   
Time: 11:56:04                                                                                                           Table: 1   
                                                                                                                                    
Frequencies and Values for CLASS Variables                                                                                          
by: BKGRD1_C7NOMISS.                                                                                                                
                                                                                                                                    
----------------------------------                                                                                                  
BKGRD1_C7NO-                                                                                                                        
  MISS          Frequency    Value                                                                                                  
----------------------------------                                                                                                  
Ordered                                                                                                                             
  Position:                                                                                                                         
  1                  3327        0                                                                                                  
Ordered                                                                                                                             
  Position:                                                                                                                         
  2                  3923        1                                                                                                  
Ordered                                                                                                                             
  Position:                                                                                                                         
  3                  5313        2                                                                                                  
Ordered                                                                                                                             
  Position:                                                                                                                         
  4                 14968        3                                                                                                  
Ordered                                                                                                                             
  Position:                                                                                                                         
  5                  5866        4                                                                                                  
Ordered                                                                                                                             
  Position:                                                                                                                         
  6                  2523        5                                                                                                  
Ordered                                                                                                                             
  Position:                                                                                                                         
  7                  1208        6                                                                                                  
----------------------------------                                                                                                  
                                                                                                                                    
                                                                                                                                    
                                                                                                                                    
Date: 11-05-2025                                               SUDAAN                                                    Page:  3   
Time: 11:56:04                                                                                                           Table: 1   
                                                                                                                                    
Frequencies and Values for CLASS Variables                                                                                          
by: Participant's Field Center - numeric.                                                                                           
                                                                                                                                    
----------------------------------                                                                                                  
Participant-                                                                                                                        
  's Field                                                                                                                          
  Center -                                                                                                                          
  numeric       Frequency    Value                                                                                                  
----------------------------------                                                                                                  
Ordered                                                                                                                             
  Position:                                                                                                                         
  1                  8799        1                                                                                                  
Ordered                                                                                                                             
  Position:                                                                                                                         
  2                  9749        2                                                                                                  
Ordered                                                                                                                             
  Position:                                                                                                                         
  3                  9243        3                                                                                                  
Ordered                                                                                                                             
  Position:                                                                                                                         
  4                  9337        4                                                                                                  
----------------------------------                                                                                                  
                                                                                                                                    
                                                                                                                                    
                                                                                                                                    
Date: 11-05-2025                                               SUDAAN                                                    Page:  4   
Time: 11:56:04                                                                                                           Table: 1   
                                                                                                                                    
Frequencies and Values for CLASS Variables                                                                                          
by: Sex.                                                                                                                            
                                                                                                                                    
----------------------------------                                                                                                  
Sex             Frequency    Value                                                                                                  
----------------------------------                                                                                                  
Ordered                                                                                                                             
  Position:                                                                                                                         
  1                 23101        0                                                                                                  
Ordered                                                                                                                             
  Position:                                                                                                                         
  2                 14024        1                                                                                                  
----------------------------------                                                                                                  
                                                                                                                                    
                                                                                                                                    
                                                                                                                                    
Date: 11-05-2025                                               SUDAAN                                                    Page:  5   
Time: 11:56:04                                                                                                           Table: 1   
                                                                                                                                    
Frequencies and Values for CLASS Variables                                                                                          
by: Born in mainland US (50 States + DC).                                                                                           
                                                                                                                                    
----------------------------------                                                                                                  
Born in                                                                                                                             
  mainland                                                                                                                          
  US (50                                                                                                                            
  States +                                                                                                                          
  DC)           Frequency    Value                                                                                                  
----------------------------------                                                                                                  
Ordered                                                                                                                             
  Position:                                                                                                                         
  1                 30991        0                                                                                                  
Ordered                                                                                                                             
  Position:                                                                                                                         
  2                  6012        1                                                                                                  
----------------------------------                                                                                                  
                                                                                                                                    
                                                                                                                                    
                                                                                                                                    
Date: 11-05-2025                                               SUDAAN                                                    Page:  6   
Time: 11:56:04                                                                                                           Table: 1   
                                                                                                                                    
Frequencies and Values for CLASS Variables                                                                                          
by: Employment Status (includes retirees).                                                                                          
                                                                                                                                    
----------------------------------                                                                                                  
Employment                                                                                                                          
  Status                                                                                                                            
  (includes                                                                                                                         
  retirees)     Frequency    Value                                                                                                  
----------------------------------                                                                                                  
Ordered                                                                                                                             
  Position:                                                                                                                         
  1                  3388        1                                                                                                  
Ordered                                                                                                                             
  Position:                                                                                                                         
  2                 14343        2                                                                                                  
Ordered                                                                                                                             
  Position:                                                                                                                         
  3                  6302        3                                                                                                  
Ordered                                                                                                                             
  Position:                                                                                                                         
  4                 12526        4                                                                                                  
----------------------------------                                                                                                  
                                                                                                                                    
                                                                                                                                    
                                                                                                                                    
Date: 11-05-2025                                               SUDAAN                                                    Page:  7   
Time: 11:56:04                                                                                                           Table: 1   
                                                                                                                                    
Frequencies and Values for CLASS Variables                                                                                          
by: Education Status (3 levels).                                                                                                    
                                                                                                                                    
----------------------------------                                                                                                  
Education                                                                                                                           
  Status (3                                                                                                                         
  levels)       Frequency    Value                                                                                                  
----------------------------------                                                                                                  
Ordered                                                                                                                             
  Position:                                                                                                                         
  1                 13884        1                                                                                                  
Ordered                                                                                                                             
  Position:                                                                                                                         
  2                  9341        2                                                                                                  
Ordered                                                                                                                             
  Position:                                                                                                                         
  3                 13734        3                                                                                                  
----------------------------------                                                                                                  
                                                                                                                                    
                                                                                                                                    
                                                                                                                                    
Date: 11-05-2025                                               SUDAAN                                                    Page:  8   
Time: 11:56:04                                                                                                           Table: 1   
                                                                                                                                    
Variance Estimation Method: Taylor Series (WR)                                                                                      
SE Method: Robust (Zeger-Liang, 1986)                                                                                               
Working Correlations: Independent                                                                                                   
Link Function: Identity                                                                                                             
Response variable SBP5: SBP5                                                                                                        
by: Independent Variables and Effects.                                                                                              
                                                                                                                                    
---------------------------------------------------------------------------                                                         
Independent Variables and                                                                                                           
  Effects                     Estimate        (S.E)      t value    p-value                                                         
---------------------------------------------------------------------------                                                         
Intercept                      124.709        1.690       73.807      0.000                                                         
BMI                              0.170        0.033        5.154      0.000                                                         
6-level Age Sub-groups                                                                                                              
  1                            -28.323        1.395      -20.299      0.000                                                         
  2                            -24.986        1.350      -18.514      0.000                                                         
  3                            -19.008        1.319      -14.407      0.000                                                         
  4                            -12.305        1.288       -9.557      0.000                                                         
  5                             -6.688        1.253       -5.336      0.000                                                         
  6                              0.000        0.000         .          .                                                            
BKGRD1_C7NOMISS                                                                                                                     
  0                              2.067        1.016        2.034      0.042                                                         
  1                              1.097        0.805        1.362      0.173                                                         
  2                              0.878        0.979        0.897      0.370                                                         
  3                              0.000        0.000         .          .                                                            
  4                              0.881        1.036        0.850      0.395                                                         
  5                             -2.227        0.864       -2.577      0.010                                                         
  6                              1.470        0.992        1.482      0.138                                                         
Participant's Field                                                                                                                 
  Center - numeric                                                                                                                  
  1                              1.609        0.960        1.676      0.094                                                         
  2                             -0.746        0.661       -1.128      0.259                                                         
  3                              6.403        0.913        7.016      0.000                                                         
  4                              0.000        0.000         .          .                                                            
Sex                                                                                                                                 
  0                              0.000        0.000         .          .                                                            
  1                              4.634        0.495        9.355      0.000                                                         
Born in mainland US (50                                                                                                             
  States + DC)                                                                                                                      
  0                              0.000        0.000         .          .                                                            
  1                              0.366        0.662        0.553      0.580                                                         
Employment Status                                                                                                                   
  (includes retirees)                                                                                                               
  1                              0.000        0.000         .          .                                                            
  2                              0.647        1.258        0.514      0.607                                                         
  3                              0.053        1.310        0.040      0.968                                                         
  4                              1.115        1.259        0.886      0.376                                                         
Education Status (3                                                                                                                 
  levels)                                                                                                                           
  1                              0.000        0.000         .          .                                                            
  2                             -1.099        0.600       -1.830      0.067                                                         
  3                             -3.403        0.594       -5.726      0.000                                                         
TIME                             0.657        0.054       12.123      0.000                                                         
---------------------------------------------------------------------------                                                         
