                                                           The SAS System                      11:55 Wednesday, November 5, 2025   1

 
 
                                  S U D A A N
            Software for the Statistical Analysis of Correlated Data
          Copyright       Research Triangle Institute       March 2018
                                 Release 11.0.3
 
 
DESIGN SUMMARY: Variances will be computed using the Taylor Linearization Method, Assuming a With Replacement (WR) Design
    Sample Weight: WEIGHT_IPW_BY_VISIT
    Stratification Variables(s): STRAT
    Primary Sampling Unit: HH_ID_NUM
 
 
Number of zero responses     : 21970
Number of non-zero responses : 13768
 
Independence parameters have converged in 7 iterations.
 
Number of observations read       :  37128    Weighted count:  1942632
Observations used in the analysis :  35738    Weighted count:  1841679
Denominator degrees of freedom    :   9852
 
 
Maximum number of estimable parameters for the model is 24
 
File C:\Users\ACQUIJ~1\AppData\Local\Temp\SUDTEMP1762361756\DB_IPW_BYVISIT.SDN contains 9872 Clusters
9728 clusters were used to fit the model
Maximum cluster size is  30 records
Minimum cluster size is   1 records
 
 
Sample and Population Counts for Response Variable HYPERTENSION2
Based on observations used in the analysis
0:  Sample Count    21970    Population Count   1178184
1:  Sample Count    13768    Population Count    663495
 
R-Square for dependent variable HYPERTENSION2 (Cox & Snell, 1989): 0.305871
 
-2 * Normalized Log-Likelihood with Intercepts Only : 46714.66
-2 * Normalized Log-Likelihood Full Model           : 33666.80
Approximate Chi-Square (-2 * Log-L Ratio)           : 13047.86
Degrees of Freedom                                  :       23
 
Note: The approximate Chi-Square is not adjusted for clustering.
      Refer to hypothesis test table for adjusted test.
                                                                                                                                    
                                                                                                                                    
                                                                                                                                    
Date: 11-05-2025                                               SUDAAN                                                    Page:  1   
Time: 11:55:56                                                                                                           Table: 1   
                                                                                                                                    
Frequencies and Values for CLASS Variables                                                                                          
by: 6-level Age Sub-groups.                                                                                                         
                                                                                                                                    
----------------------------------                                                                                                  
6-level Age                                                                                                                         
  Sub-groups    Frequency    Value                                                                                                  
----------------------------------                                                                                                  
Ordered                                                                                                                             
  Position:                                                                                                                         
  1                  3177        1                                                                                                  
Ordered                                                                                                                             
  Position:                                                                                                                         
  2                  4292        2                                                                                                  
Ordered                                                                                                                             
  Position:                                                                                                                         
  3                  6680        3                                                                                                  
Ordered                                                                                                                             
  Position:                                                                                                                         
  4                 11903        4                                                                                                  
Ordered                                                                                                                             
  Position:                                                                                                                         
  5                  8211        5                                                                                                  
Ordered                                                                                                                             
  Position:                                                                                                                         
  6                  2862        6                                                                                                  
----------------------------------                                                                                                  
                                                                                                                                    
                                                                                                                                    
                                                                                                                                    
Date: 11-05-2025                                               SUDAAN                                                    Page:  2   
Time: 11:55:56                                                                                                           Table: 1   
                                                                                                                                    
Frequencies and Values for CLASS Variables                                                                                          
by: BKGRD1_C7NOMISS.                                                                                                                
                                                                                                                                    
----------------------------------                                                                                                  
BKGRD1_C7NO-                                                                                                                        
  MISS          Frequency    Value                                                                                                  
----------------------------------                                                                                                  
Ordered                                                                                                                             
  Position:                                                                                                                         
  1                  3327        0                                                                                                  
Ordered                                                                                                                             
  Position:                                                                                                                         
  2                  3923        1                                                                                                  
Ordered                                                                                                                             
  Position:                                                                                                                         
  3                  5313        2                                                                                                  
Ordered                                                                                                                             
  Position:                                                                                                                         
  4                 14968        3                                                                                                  
Ordered                                                                                                                             
  Position:                                                                                                                         
  5                  5866        4                                                                                                  
Ordered                                                                                                                             
  Position:                                                                                                                         
  6                  2523        5                                                                                                  
Ordered                                                                                                                             
  Position:                                                                                                                         
  7                  1208        6                                                                                                  
----------------------------------                                                                                                  
                                                                                                                                    
                                                                                                                                    
                                                                                                                                    
Date: 11-05-2025                                               SUDAAN                                                    Page:  3   
Time: 11:55:56                                                                                                           Table: 1   
                                                                                                                                    
Frequencies and Values for CLASS Variables                                                                                          
by: Participant's Field Center - numeric.                                                                                           
                                                                                                                                    
----------------------------------                                                                                                  
Participant-                                                                                                                        
  's Field                                                                                                                          
  Center -                                                                                                                          
  numeric       Frequency    Value                                                                                                  
----------------------------------                                                                                                  
Ordered                                                                                                                             
  Position:                                                                                                                         
  1                  8799        1                                                                                                  
Ordered                                                                                                                             
  Position:                                                                                                                         
  2                  9749        2                                                                                                  
Ordered                                                                                                                             
  Position:                                                                                                                         
  3                  9243        3                                                                                                  
Ordered                                                                                                                             
  Position:                                                                                                                         
  4                  9337        4                                                                                                  
----------------------------------                                                                                                  
                                                                                                                                    
                                                                                                                                    
                                                                                                                                    
Date: 11-05-2025                                               SUDAAN                                                    Page:  4   
Time: 11:55:56                                                                                                           Table: 1   
                                                                                                                                    
Frequencies and Values for CLASS Variables                                                                                          
by: Sex.                                                                                                                            
                                                                                                                                    
----------------------------------                                                                                                  
Sex             Frequency    Value                                                                                                  
----------------------------------                                                                                                  
Ordered                                                                                                                             
  Position:                                                                                                                         
  1                 23101        0                                                                                                  
Ordered                                                                                                                             
  Position:                                                                                                                         
  2                 14024        1                                                                                                  
----------------------------------                                                                                                  
                                                                                                                                    
                                                                                                                                    
                                                                                                                                    
Date: 11-05-2025                                               SUDAAN                                                    Page:  5   
Time: 11:55:56                                                                                                           Table: 1   
                                                                                                                                    
Frequencies and Values for CLASS Variables                                                                                          
by: Born in mainland US (50 States + DC).                                                                                           
                                                                                                                                    
----------------------------------                                                                                                  
Born in                                                                                                                             
  mainland                                                                                                                          
  US (50                                                                                                                            
  States +                                                                                                                          
  DC)           Frequency    Value                                                                                                  
----------------------------------                                                                                                  
Ordered                                                                                                                             
  Position:                                                                                                                         
  1                 30991        0                                                                                                  
Ordered                                                                                                                             
  Position:                                                                                                                         
  2                  6012        1                                                                                                  
----------------------------------                                                                                                  
                                                                                                                                    
                                                                                                                                    
                                                                                                                                    
Date: 11-05-2025                                               SUDAAN                                                    Page:  6   
Time: 11:55:56                                                                                                           Table: 1   
                                                                                                                                    
Frequencies and Values for CLASS Variables                                                                                          
by: Employment Status (includes retirees).                                                                                          
                                                                                                                                    
----------------------------------                                                                                                  
Employment                                                                                                                          
  Status                                                                                                                            
  (includes                                                                                                                         
  retirees)     Frequency    Value                                                                                                  
----------------------------------                                                                                                  
Ordered                                                                                                                             
  Position:                                                                                                                         
  1                  3388        1                                                                                                  
Ordered                                                                                                                             
  Position:                                                                                                                         
  2                 14343        2                                                                                                  
Ordered                                                                                                                             
  Position:                                                                                                                         
  3                  6302        3                                                                                                  
Ordered                                                                                                                             
  Position:                                                                                                                         
  4                 12526        4                                                                                                  
----------------------------------                                                                                                  
                                                                                                                                    
                                                                                                                                    
                                                                                                                                    
Date: 11-05-2025                                               SUDAAN                                                    Page:  7   
Time: 11:55:56                                                                                                           Table: 1   
                                                                                                                                    
Frequencies and Values for CLASS Variables                                                                                          
by: Education Status (3 levels).                                                                                                    
                                                                                                                                    
----------------------------------                                                                                                  
Education                                                                                                                           
  Status (3                                                                                                                         
  levels)       Frequency    Value                                                                                                  
----------------------------------                                                                                                  
Ordered                                                                                                                             
  Position:                                                                                                                         
  1                 13884        1                                                                                                  
Ordered                                                                                                                             
  Position:                                                                                                                         
  2                  9341        2                                                                                                  
Ordered                                                                                                                             
  Position:                                                                                                                         
  3                 13734        3                                                                                                  
----------------------------------                                                                                                  
                                                                                                                                    
                                                                                                                                    
                                                                                                                                    
Date: 11-05-2025                                               SUDAAN                                                    Page:  8   
Time: 11:55:56                                                                                                           Table: 1   
                                                                                                                                    
Variance Estimation Method: Taylor Series (WR)                                                                                      
SE Method: Robust (Zeger-Liang, 1986)                                                                                               
Working Correlations: Independent                                                                                                   
Link Function: Logit                                                                                                                
Response variable HYPERTENSION2: Hypertension using NHANES definition                                                               
by: Independent Variables and Effects.                                                                                              
                                                                                                                                    
---------------------------------------------------------------------------                                                         
Independent Variables and                                                                                                           
  Effects                     Estimate        (S.E)      t value    p-value                                                         
---------------------------------------------------------------------------                                                         
Intercept                       -1.700        0.254       -6.681      0.000                                                         
BMI                              0.064        0.005       11.747      0.000                                                         
6-level Age Sub-groups                                                                                                              
  1                             -4.469        0.312      -14.300      0.000                                                         
  2                             -3.588        0.233      -15.401      0.000                                                         
  3                             -2.371        0.202      -11.763      0.000                                                         
  4                             -1.376        0.194       -7.082      0.000                                                         
  5                             -0.652        0.193       -3.383      0.001                                                         
  6                              0.000        0.000         .          .                                                            
BKGRD1_C7NOMISS                                                                                                                     
  0                              0.716        0.209        3.422      0.001                                                         
  1                              0.007        0.151        0.046      0.963                                                         
  2                              0.313        0.175        1.783      0.075                                                         
  3                              0.000        0.000         .          .                                                            
  4                              0.657        0.202        3.255      0.001                                                         
  5                             -0.238        0.164       -1.448      0.148                                                         
  6                              0.327        0.276        1.183      0.237                                                         
Participant's Field                                                                                                                 
  Center - numeric                                                                                                                  
  1                             -0.250        0.204       -1.227      0.220                                                         
  2                             -0.061        0.114       -0.537      0.591                                                         
  3                              0.485        0.168        2.893      0.004                                                         
  4                              0.000        0.000         .          .                                                            
Sex                                                                                                                                 
  0                              0.000        0.000         .          .                                                            
  1                              0.278        0.082        3.411      0.001                                                         
Born in mainland US (50                                                                                                             
  States + DC)                                                                                                                      
  0                              0.000        0.000         .          .                                                            
  1                             -0.131        0.130       -1.007      0.314                                                         
Employment Status                                                                                                                   
  (includes retirees)                                                                                                               
  1                              0.000        0.000         .          .                                                            
  2                              0.024        0.168        0.142      0.887                                                         
  3                             -0.273        0.177       -1.538      0.124                                                         
  4                             -0.144        0.166       -0.869      0.385                                                         
Education Status (3                                                                                                                 
  levels)                                                                                                                           
  1                              0.000        0.000         .          .                                                            
  2                             -0.085        0.100       -0.852      0.395                                                         
  3                             -0.181        0.098       -1.839      0.066                                                         
TIME                             0.110        0.010       11.458      0.000                                                         
---------------------------------------------------------------------------                                                         
